gplink-1.5.0 #1285 (Sep 12 2016)
Copyright (c) 1998-2016 gputils project
Listing File Generated: 3-30-2023  16:54:41


Address  Value    Disassembly              Source
-------  -----    -----------              ------
                                           ;--------------------------------------------------------
                                           ; File Created by SDCC : free open source ANSI-C Compiler
                                           ; Version 4.0.0 #11528 (MINGW64)
                                           ;--------------------------------------------------------
                                           ; PIC port for the 14-bit core
                                           ;--------------------------------------------------------
                                           ;	.file	"bingo.c"
                                           	list	p=12f683
                                           	radix dec
                                           	include "p12f683.inc"
                                                   LIST

                                           ;==========================================================================
                                           ; Build date : Oct 21 2015
                                           ;  MPASM PIC12F683 processor include
                                           ; 
                                           ;  (c) Copyright 1999-2015 Microchip Technology, All rights reserved
                                           ;==========================================================================

                                                   NOLIST
                                           ;--------------------------------------------------------
                                           ; config word(s)
                                           ;--------------------------------------------------------
002007   3fd7     addlw   0xd7             	__config 0x3fd7
                                           ;--------------------------------------------------------
                                           ; external declarations
                                           ;--------------------------------------------------------
                                           	extern	__mulint
                                           	extern	__divsint
                                           	extern	__modsint
                                           	extern	_TRISIO
                                           	extern	_GPIO
                                           	extern	__gptrget1
                                           	extern	__sdcc_gsinit_startup
                                           ;--------------------------------------------------------
                                           ; global declarations
                                           ;--------------------------------------------------------
                                           	global	_main
                                           	global	_decena
                                           	global	_unidad
                                           	global	_num_unidad
                                           	global	_num_decena

                                           	global PSAVE
                                           	global SSAVE
                                           	global WSAVE
                                           	global STK12
                                           	global STK11
                                           	global STK10
                                           	global STK09
                                           	global STK08
                                           	global STK07
                                           	global STK06
                                           	global STK05
                                           	global STK04
                                           	global STK03
                                           	global STK02
                                           	global STK01
                                           	global STK00

                                           sharebank udata_ovr 0x0070
                                           PSAVE	res 1
                                           SSAVE	res 1
                                           WSAVE	res 1
                                           STK12	res 1
                                           STK11	res 1
                                           STK10	res 1
                                           STK09	res 1
                                           STK08	res 1
                                           STK07	res 1
                                           STK06	res 1
                                           STK05	res 1
                                           STK04	res 1
                                           STK03	res 1
                                           STK02	res 1
                                           STK01	res 1
                                           STK00	res 1

                                           ;--------------------------------------------------------
                                           ; global definitions
                                           ;--------------------------------------------------------
                                           ;--------------------------------------------------------
                                           ; absolute symbol definitions
                                           ;--------------------------------------------------------
                                           ;--------------------------------------------------------
                                           ; compiler-defined variables
                                           ;--------------------------------------------------------
                                           UDL_bingo_0	udata
                                           r0x1021	res	1
                                           r0x1020	res	1
                                           r0x1022	res	1
                                           r0x1023	res	1
                                           r0x1024	res	1
                                           r0x1025	res	1
                                           r0x1026	res	1
                                           r0x1027	res	1
                                           r0x1029	res	1
                                           r0x1028	res	1
                                           r0x102A	res	1
                                           r0x102B	res	1
                                           _main_numeros_65537_7	res	32
                                           ;--------------------------------------------------------
                                           ; initialized data
                                           ;--------------------------------------------------------

                                           IDC_bingo_0	code
                                           _num_decena
000396   3400     retlw   0x00             	retlw 0x00	; 0
000397   3401     retlw   0x01             	retlw 0x01	; 1
000398   3402     retlw   0x02             	retlw 0x02	; 2
000399   3403     retlw   0x03             	retlw 0x03	; 3
00039a   3404     retlw   0x04             	retlw 0x04	; 4
00039b   3405     retlw   0x05             	retlw 0x05	; 5
00039c   3406     retlw   0x06             	retlw 0x06	; 6
00039d   3407     retlw   0x07             	retlw 0x07	; 7
00039e   3410     retlw   0x10             	retlw 0x10	; 16
00039f   3411     retlw   0x11             	retlw 0x11	; 17

                                           IDC_bingo_1	code
                                           _num_unidad
0003a0   3420     retlw   0x20             	retlw 0x20	; 32
0003a1   3421     retlw   0x21             	retlw 0x21	; 33
0003a2   3422     retlw   0x22             	retlw 0x22	; 34
0003a3   3423     retlw   0x23             	retlw 0x23	; 35
0003a4   3424     retlw   0x24             	retlw 0x24	; 36
0003a5   3425     retlw   0x25             	retlw 0x25	; 37
0003a6   3426     retlw   0x26             	retlw 0x26	; 38
0003a7   3427     retlw   0x27             	retlw 0x27	; 39
0003a8   3430     retlw   0x30             	retlw 0x30	; 48	'0'
0003a9   3431     retlw   0x31             	retlw 0x31	; 49	'1'
                                           ;--------------------------------------------------------
                                           ; initialized absolute data
                                           ;--------------------------------------------------------
                                           ;--------------------------------------------------------
                                           ; overlayable items in internal ram 
                                           ;--------------------------------------------------------
                                           ;	udata_ovr
                                           ;--------------------------------------------------------
                                           ; reset vector 
                                           ;--------------------------------------------------------
                                           STARTUP	code 0x0000
000000   0000     nop                      	nop
                                           	pagesel __sdcc_gsinit_startup
000001   28a3     goto    0x00a3           	goto	__sdcc_gsinit_startup
                                           ;--------------------------------------------------------
                                           ; code
                                           ;--------------------------------------------------------
                                           code_bingo	code
                                           ;***
                                           ;  pBlock Stats: dbName = M
                                           ;***
                                           ;has an exit
                                           ;functions called:
                                           ;   __mulint
                                           ;   __modsint
                                           ;   __modsint
                                           ;   _decena
                                           ;   _unidad
                                           ;   __gptrget1
                                           ;   __gptrget1
                                           ;   __mulint
                                           ;   __modsint
                                           ;   __modsint
                                           ;   _decena
                                           ;   _unidad
                                           ;   __gptrget1
                                           ;   __gptrget1
                                           ;13 compiler assigned registers:
                                           ;   r0x1022
                                           ;   r0x1023
                                           ;   r0x1024
                                           ;   r0x1025
                                           ;   r0x1026
                                           ;   r0x1027
                                           ;   STK02
                                           ;   STK01
                                           ;   STK00
                                           ;   r0x1028
                                           ;   r0x1029
                                           ;   r0x102A
                                           ;   r0x102B
                                           ;; Starting pCode block
                                           S_bingo__main	code
                                           _main:
                                           ; 2 exit points
                                           ;	.line	45; "bingo.c"	TRISIO = 0b00000000; //Poner todos los pines como salidas
000002   1683     bsf     0x03, 0x5        	BANKSEL	_TRISIO
000003   0185     clrf    0x05             	CLRF	_TRISIO
                                           ;	.line	51; "bingo.c"	int x0 = 317;
000004   303d     movlw   0x3d             	MOVLW	0x3d
000005   1283     bcf     0x03, 0x5        	BANKSEL	r0x1022
000006   00a2     movwf   0x22             	MOVWF	r0x1022
000007   3001     movlw   0x01             	MOVLW	0x01
000008   00a3     movwf   0x23             	MOVWF	r0x1023
                                           ;	.line	53; "bingo.c"	for (int i = 0; i < 16; i++) {
000009   01a4     clrf    0x24             	CLRF	r0x1024
00000a   01a5     clrf    0x25             	CLRF	r0x1025
00000b   01a6     clrf    0x26             	CLRF	r0x1026
00000c   01a7     clrf    0x27             	CLRF	r0x1027
                                           ;;signed compare: left < lit(0x10=16), size=2, mask=ffff
                                           _00118_DS_:
00000d   1283     bcf     0x03, 0x5        	BANKSEL	r0x1025
00000e   0825     movf    0x25, 0x0        	MOVF	r0x1025,W
00000f   3e80     addlw   0x80             	ADDLW	0x80
000010   3e80     addlw   0x80             	ADDLW	0x80
000011   1d03     btfss   0x03, 0x2        	BTFSS	STATUS,2
000012   2815     goto    0x0015           	GOTO	_00135_DS_
000013   3010     movlw   0x10             	MOVLW	0x10
000014   0224     subwf   0x24, 0x0        	SUBWF	r0x1024,W
                                           _00135_DS_:
000015   1803     btfsc   0x03, 0x0        	BTFSC	STATUS,0
000016   285d     goto    0x005d           	GOTO	_00113_DS_
                                           ;;genSkipc:3307: created from rifx:00000000047A5780
                                           ;	.line	54; "bingo.c"	x0 = (x0 * x0) % m;
000017   1283     bcf     0x03, 0x5        	BANKSEL	r0x1022
000018   0822     movf    0x22, 0x0        	MOVF	r0x1022,W
000019   00fd     movwf   0x7d             	MOVWF	STK02
00001a   0823     movf    0x23, 0x0        	MOVF	r0x1023,W
00001b   00fe     movwf   0x7e             	MOVWF	STK01
00001c   0822     movf    0x22, 0x0        	MOVF	r0x1022,W
00001d   00ff     movwf   0x7f             	MOVWF	STK00
00001e   0823     movf    0x23, 0x0        	MOVF	r0x1023,W
                                           	PAGESEL	__mulint
00001f   213f     call    0x013f           	CALL	__mulint
                                           	PAGESEL	$
000020   1283     bcf     0x03, 0x5        	BANKSEL	r0x1028
000021   00a9     movwf   0x29             	MOVWF	r0x1028
000022   087f     movf    0x7f, 0x0        	MOVF	STK00,W
000023   00a8     movwf   0x28             	MOVWF	r0x1029
000024   3012     movlw   0x12             	MOVLW	0x12
000025   00fd     movwf   0x7d             	MOVWF	STK02
000026   3070     movlw   0x70             	MOVLW	0x70
000027   00fe     movwf   0x7e             	MOVWF	STK01
000028   0828     movf    0x28, 0x0        	MOVF	r0x1029,W
000029   00ff     movwf   0x7f             	MOVWF	STK00
00002a   0829     movf    0x29, 0x0        	MOVF	r0x1028,W
                                           	PAGESEL	__modsint
00002b   2229     call    0x0229           	CALL	__modsint
                                           	PAGESEL	$
00002c   1283     bcf     0x03, 0x5        	BANKSEL	r0x1023
00002d   00a3     movwf   0x23             	MOVWF	r0x1023
00002e   087f     movf    0x7f, 0x0        	MOVF	STK00,W
00002f   00a2     movwf   0x22             	MOVWF	r0x1022
                                           ;	.line	55; "bingo.c"	int numero_pseudoaleatorio = (x0 % 100);
000030   3064     movlw   0x64             	MOVLW	0x64
000031   00fd     movwf   0x7d             	MOVWF	STK02
000032   3000     movlw   0x00             	MOVLW	0x00
000033   00fe     movwf   0x7e             	MOVWF	STK01
000034   0822     movf    0x22, 0x0        	MOVF	r0x1022,W
000035   00ff     movwf   0x7f             	MOVWF	STK00
000036   0823     movf    0x23, 0x0        	MOVF	r0x1023,W
                                           	PAGESEL	__modsint
000037   2229     call    0x0229           	CALL	__modsint
                                           	PAGESEL	$
000038   1283     bcf     0x03, 0x5        	BANKSEL	r0x1028
000039   00a9     movwf   0x29             	MOVWF	r0x1028
00003a   087f     movf    0x7f, 0x0        	MOVF	STK00,W
00003b   00a8     movwf   0x28             	MOVWF	r0x1029
                                           ;	.line	56; "bingo.c"	numeros[i] = numero_pseudoaleatorio;
00003c   0826     movf    0x26, 0x0        	MOVF	r0x1026,W
00003d   3e2c     addlw   0x2c             	ADDLW	(_main_numeros_65537_7 + 0)
00003e   00aa     movwf   0x2a             	MOVWF	r0x102A
00003f   3000     movlw   0x00             	MOVLW	high (_main_numeros_65537_7 + 0)
000040   00ab     movwf   0x2b             	MOVWF	r0x102B
000041   0827     movf    0x27, 0x0        	MOVF	r0x1027,W
000042   1803     btfsc   0x03, 0x0        	BTFSC	STATUS,0
000043   0f27     incfsz  0x27, 0x0        	INCFSZ	r0x1027,W
000044   07ab     addwf   0x2b, 0x1        	ADDWF	r0x102B,F
000045   082a     movf    0x2a, 0x0        	MOVF	r0x102A,W
000046   1283     bcf     0x03, 0x5        	BANKSEL	FSR
000047   0084     movwf   0x04             	MOVWF	FSR
000048   1383     bcf     0x03, 0x7        	BCF	STATUS,7
000049   1283     bcf     0x03, 0x5        	BANKSEL	r0x102B
00004a   182b     btfsc   0x2b, 0x0        	BTFSC	r0x102B,0
00004b   1783     bsf     0x03, 0x7        	BSF	STATUS,7
00004c   0828     movf    0x28, 0x0        	MOVF	r0x1029,W
00004d   1283     bcf     0x03, 0x5        	BANKSEL	INDF
00004e   0080     movwf   0x00             	MOVWF	INDF
00004f   0a84     incf    0x04, 0x1        	INCF	FSR,F
000050   1283     bcf     0x03, 0x5        	BANKSEL	r0x1028
000051   0829     movf    0x29, 0x0        	MOVF	r0x1028,W
000052   1283     bcf     0x03, 0x5        	BANKSEL	INDF
000053   0080     movwf   0x00             	MOVWF	INDF
                                           ;	.line	53; "bingo.c"	for (int i = 0; i < 16; i++) {
000054   3002     movlw   0x02             	MOVLW	0x02
000055   1283     bcf     0x03, 0x5        	BANKSEL	r0x1026
000056   07a6     addwf   0x26, 0x1        	ADDWF	r0x1026,F
000057   1803     btfsc   0x03, 0x0        	BTFSC	STATUS,0
000058   0aa7     incf    0x27, 0x1        	INCF	r0x1027,F
000059   0aa4     incf    0x24, 0x1        	INCF	r0x1024,F
00005a   1903     btfsc   0x03, 0x2        	BTFSC	STATUS,2
00005b   0aa5     incf    0x25, 0x1        	INCF	r0x1025,F
00005c   280d     goto    0x000d           	GOTO	_00118_DS_
                                           _00113_DS_:
                                           ;	.line	59; "bingo.c"	int dec = decena(numeros[0]);
00005d   1283     bcf     0x03, 0x5        	BANKSEL	_main_numeros_65537_7
00005e   082c     movf    0x2c, 0x0        	MOVF	(_main_numeros_65537_7 + 0),W
00005f   1283     bcf     0x03, 0x5        	BANKSEL	r0x1022
000060   00a2     movwf   0x22             	MOVWF	r0x1022
000061   1283     bcf     0x03, 0x5        	BANKSEL	_main_numeros_65537_7
000062   082d     movf    0x2d, 0x0        	MOVF	(_main_numeros_65537_7 + 1),W
000063   1283     bcf     0x03, 0x5        	BANKSEL	r0x1023
000064   00a3     movwf   0x23             	MOVWF	r0x1023
000065   0822     movf    0x22, 0x0        	MOVF	r0x1022,W
000066   00ff     movwf   0x7f             	MOVWF	STK00
000067   0823     movf    0x23, 0x0        	MOVF	r0x1023,W
                                           	PAGESEL	_decena
000068   2370     call    0x0370           	CALL	_decena
                                           	PAGESEL	$
000069   1283     bcf     0x03, 0x5        	BANKSEL	r0x1023
00006a   00a3     movwf   0x23             	MOVWF	r0x1023
00006b   087f     movf    0x7f, 0x0        	MOVF	STK00,W
00006c   00a2     movwf   0x22             	MOVWF	r0x1022
                                           ;	.line	60; "bingo.c"	int unid = unidad(numeros[0]);
00006d   1283     bcf     0x03, 0x5        	BANKSEL	_main_numeros_65537_7
00006e   082c     movf    0x2c, 0x0        	MOVF	(_main_numeros_65537_7 + 0),W
00006f   1283     bcf     0x03, 0x5        	BANKSEL	r0x1024
000070   00a4     movwf   0x24             	MOVWF	r0x1024
000071   1283     bcf     0x03, 0x5        	BANKSEL	_main_numeros_65537_7
000072   082d     movf    0x2d, 0x0        	MOVF	(_main_numeros_65537_7 + 1),W
000073   1283     bcf     0x03, 0x5        	BANKSEL	r0x1025
000074   00a5     movwf   0x25             	MOVWF	r0x1025
000075   0824     movf    0x24, 0x0        	MOVF	r0x1024,W
000076   00ff     movwf   0x7f             	MOVWF	STK00
000077   0825     movf    0x25, 0x0        	MOVF	r0x1025,W
                                           	PAGESEL	_unidad
000078   2383     call    0x0383           	CALL	_unidad
                                           	PAGESEL	$
000079   1283     bcf     0x03, 0x5        	BANKSEL	r0x1025
00007a   00a5     movwf   0x25             	MOVWF	r0x1025
00007b   087f     movf    0x7f, 0x0        	MOVF	STK00,W
00007c   00a4     movwf   0x24             	MOVWF	r0x1024
                                           _00115_DS_:
                                           ;	.line	64; "bingo.c"	GPIO = num_decena[dec];
00007d   1283     bcf     0x03, 0x5        	BANKSEL	r0x1022
00007e   0822     movf    0x22, 0x0        	MOVF	r0x1022,W
00007f   3e96     addlw   0x96             	ADDLW	(_num_decena + 0)
000080   00a6     movwf   0x26             	MOVWF	r0x1026
000081   3003     movlw   0x03             	MOVLW	high (_num_decena + 0)
000082   00a7     movwf   0x27             	MOVWF	r0x1027
000083   0823     movf    0x23, 0x0        	MOVF	r0x1023,W
000084   1803     btfsc   0x03, 0x0        	BTFSC	STATUS,0
000085   0f23     incfsz  0x23, 0x0        	INCFSZ	r0x1023,W
000086   07a7     addwf   0x27, 0x1        	ADDWF	r0x1027,F
000087   0826     movf    0x26, 0x0        	MOVF	r0x1026,W
000088   00fe     movwf   0x7e             	MOVWF	STK01
000089   0827     movf    0x27, 0x0        	MOVF	r0x1027,W
00008a   00ff     movwf   0x7f             	MOVWF	STK00
00008b   3080     movlw   0x80             	MOVLW	0x80
                                           	PAGESEL	__gptrget1
00008c   2332     call    0x0332           	CALL	__gptrget1
                                           	PAGESEL	$
00008d   1283     bcf     0x03, 0x5        	BANKSEL	_GPIO
00008e   0085     movwf   0x05             	MOVWF	_GPIO
                                           ;	.line	65; "bingo.c"	GPIO = num_unidad[unid];
00008f   1283     bcf     0x03, 0x5        	BANKSEL	r0x1024
000090   0824     movf    0x24, 0x0        	MOVF	r0x1024,W
000091   3ea0     addlw   0xa0             	ADDLW	(_num_unidad + 0)
000092   00a6     movwf   0x26             	MOVWF	r0x1026
000093   3003     movlw   0x03             	MOVLW	high (_num_unidad + 0)
000094   00a7     movwf   0x27             	MOVWF	r0x1027
000095   0825     movf    0x25, 0x0        	MOVF	r0x1025,W
000096   1803     btfsc   0x03, 0x0        	BTFSC	STATUS,0
000097   0f25     incfsz  0x25, 0x0        	INCFSZ	r0x1025,W
000098   07a7     addwf   0x27, 0x1        	ADDWF	r0x1027,F
000099   0826     movf    0x26, 0x0        	MOVF	r0x1026,W
00009a   00fe     movwf   0x7e             	MOVWF	STK01
00009b   0827     movf    0x27, 0x0        	MOVF	r0x1027,W
00009c   00ff     movwf   0x7f             	MOVWF	STK00
00009d   3080     movlw   0x80             	MOVLW	0x80
                                           	PAGESEL	__gptrget1
00009e   2332     call    0x0332           	CALL	__gptrget1
                                           	PAGESEL	$
00009f   1283     bcf     0x03, 0x5        	BANKSEL	_GPIO
0000a0   0085     movwf   0x05             	MOVWF	_GPIO
0000a1   287d     goto    0x007d           	GOTO	_00115_DS_
                                           ;	.line	70; "bingo.c"	}
0000a2   0008     return                   	RETURN	
                                           ; exit point of _main

                                           ;***
                                           ;  pBlock Stats: dbName = C
                                           ;***
                                           ;has an exit
                                           ;functions called:
                                           ;   __divsint
                                           ;   __divsint
                                           ;5 compiler assigned registers:
                                           ;   r0x1020
                                           ;   STK00
                                           ;   r0x1021
                                           ;   STK02
                                           ;   STK01
                                           ;; Starting pCode block
                                           S_bingo__decena	code
                                           _decena:
                                           ; 2 exit points
                                           ;	.line	37; "bingo.c"	int decena(int numero){
000370   1283     bcf     0x03, 0x5        	BANKSEL	r0x1020
000371   00a1     movwf   0x21             	MOVWF	r0x1020
000372   087f     movf    0x7f, 0x0        	MOVF	STK00,W
000373   00a0     movwf   0x20             	MOVWF	r0x1021
                                           ;	.line	38; "bingo.c"	int decenas= numero/10;
000374   300a     movlw   0x0a             	MOVLW	0x0a
000375   00fd     movwf   0x7d             	MOVWF	STK02
000376   3000     movlw   0x00             	MOVLW	0x00
000377   00fe     movwf   0x7e             	MOVWF	STK01
000378   0820     movf    0x20, 0x0        	MOVF	r0x1021,W
000379   00ff     movwf   0x7f             	MOVWF	STK00
00037a   0821     movf    0x21, 0x0        	MOVF	r0x1020,W
                                           	PAGESEL	__divsint
00037b   21c3     call    0x01c3           	CALL	__divsint
                                           	PAGESEL	$
00037c   1283     bcf     0x03, 0x5        	BANKSEL	r0x1020
00037d   00a1     movwf   0x21             	MOVWF	r0x1020
00037e   087f     movf    0x7f, 0x0        	MOVF	STK00,W
                                           ;	.line	39; "bingo.c"	return decenas;
00037f   00a0     movwf   0x20             	MOVWF	r0x1021
000380   00ff     movwf   0x7f             	MOVWF	STK00
000381   0821     movf    0x21, 0x0        	MOVF	r0x1020,W
                                           ;	.line	40; "bingo.c"	}
000382   0008     return                   	RETURN	
                                           ; exit point of _decena

                                           ;***
                                           ;  pBlock Stats: dbName = C
                                           ;***
                                           ;has an exit
                                           ;functions called:
                                           ;   __modsint
                                           ;   __modsint
                                           ;5 compiler assigned registers:
                                           ;   r0x1020
                                           ;   STK00
                                           ;   r0x1021
                                           ;   STK02
                                           ;   STK01
                                           ;; Starting pCode block
                                           S_bingo__unidad	code
                                           _unidad:
                                           ; 2 exit points
                                           ;	.line	32; "bingo.c"	int unidad(int numero){
000383   1283     bcf     0x03, 0x5        	BANKSEL	r0x1020
000384   00a1     movwf   0x21             	MOVWF	r0x1020
000385   087f     movf    0x7f, 0x0        	MOVF	STK00,W
000386   00a0     movwf   0x20             	MOVWF	r0x1021
                                           ;	.line	33; "bingo.c"	int unidades = numero%10;
000387   300a     movlw   0x0a             	MOVLW	0x0a
000388   00fd     movwf   0x7d             	MOVWF	STK02
000389   3000     movlw   0x00             	MOVLW	0x00
00038a   00fe     movwf   0x7e             	MOVWF	STK01
00038b   0820     movf    0x20, 0x0        	MOVF	r0x1021,W
00038c   00ff     movwf   0x7f             	MOVWF	STK00
00038d   0821     movf    0x21, 0x0        	MOVF	r0x1020,W
                                           	PAGESEL	__modsint
00038e   2229     call    0x0229           	CALL	__modsint
                                           	PAGESEL	$
00038f   1283     bcf     0x03, 0x5        	BANKSEL	r0x1020
000390   00a1     movwf   0x21             	MOVWF	r0x1020
000391   087f     movf    0x7f, 0x0        	MOVF	STK00,W
                                           ;	.line	34; "bingo.c"	return unidades;
000392   00a0     movwf   0x20             	MOVWF	r0x1021
000393   00ff     movwf   0x7f             	MOVWF	STK00
000394   0821     movf    0x21, 0x0        	MOVF	r0x1020,W
                                           ;	.line	35; "bingo.c"	}
000395   0008     return                   	RETURN	
                                           ; exit point of _unidad


                                           ;	code size estimation:
                                           ;	  168+   49 =   217 instructions (  532 byte)

                                           	end
